OpenTSx Test Report
===================
Generated: Mon Dec 22 15:34:14 CET 2025
Mode: --full

